#-----------------------------------------------------------
# Vivado v2023.2 (64-bit)
# SW Build 4029153 on Fri Oct 13 20:14:34 MDT 2023
# IP Build 4028589 on Sat Oct 14 00:45:43 MDT 2023
# SharedData Build 4025554 on Tue Oct 10 17:18:54 MDT 2023
# Start of session at: Thu Dec 21 15:32:38 2023
# Process ID: 17532
# Current directory: C:/Users/coren/Documents/Unif/Digital architecture and design/elech409_project
# Command line: vivado.exe -gui_launcher_event rodinguilauncherevent12088 C:\Users\coren\Documents\Unif\Digital architecture and design\elech409_project\elech409_project.xpr
# Log file: C:/Users/coren/Documents/Unif/Digital architecture and design/elech409_project/vivado.log
# Journal file: C:/Users/coren/Documents/Unif/Digital architecture and design/elech409_project\vivado.jou
# Running On: PC-Corentin, OS: Windows, CPU Frequency: 2808 MHz, CPU Physical cores: 4, Host memory: 8441 MB
#-----------------------------------------------------------
start_gui
open_project {C:/Users/coren/Documents/Unif/Digital architecture and design/elech409_project/elech409_project.xpr}
create_fileset -simset Basys3
set_property SOURCE_SET sources_1 [get_filesets Basys3]
add_files -fileset Basys3 -norecurse {{C:/Users/coren/Documents/Unif/Digital architecture and design/elech409_project/Basys3_Display.vhd}}
add_files -norecurse {{C:/Users/coren/Documents/Unif/Digital architecture and design/elech409_project/Basys3_Display.vhd}}
