#-----------------------------------------------------------
# Vivado v2023.2 (64-bit)
# SW Build 4029153 on Fri Oct 13 20:14:34 MDT 2023
# IP Build 4028589 on Sat Oct 14 00:45:43 MDT 2023
# SharedData Build 4025554 on Tue Oct 10 17:18:54 MDT 2023
# Start of session at: Wed Dec 20 17:57:11 2023
# Process ID: 22952
# Current directory: C:/Users/coren/Documents/Unif/Digital architecture and design/elech409_project/display/display.runs/impl_1
# Command line: vivado.exe -log display_tb.vdi -applog -product Vivado -messageDb vivado.pb -mode batch -source display_tb.tcl -notrace
# Log file: C:/Users/coren/Documents/Unif/Digital architecture and design/elech409_project/display/display.runs/impl_1/display_tb.vdi
# Journal file: C:/Users/coren/Documents/Unif/Digital architecture and design/elech409_project/display/display.runs/impl_1\vivado.jou
# Running On: PC-Corentin, OS: Windows, CPU Frequency: 2808 MHz, CPU Physical cores: 4, Host memory: 8441 MB
#-----------------------------------------------------------
source display_tb.tcl -notrace
